Start building sites … 
hugo v0.152.2+extended linux/amd64 BuildDate=2025-12-14T00:00:00+00:00 VendorInfo=Fedora:0.152.2-1.fc43


           │ FR  │ EN  │ AR │ BR │ CA │ DE │ ES │ IT │ …  │ OC │ …  │ PT │ RU │ SI │ TR │ UK 
───────────┼─────┼─────┼────┼────┼────┼────┼────┼────┼────┼────┼────┼────┼────┼────┼────┼────
 Pages     │ 107 │ 107 │  7 │  7 │  7 │  7 │  7 │  7 │  7 │  7 │  7 │  7 │  7 │  7 │  7 │  7 
 Paginator │  15 │  15 │  0 │  0 │  0 │  0 │  0 │  0 │  0 │  0 │  0 │  0 │  0 │  0 │  0 │  0 
 pages     │     │     │    │    │    │    │    │    │    │    │    │    │    │    │    │    
 Non-page  │  35 │  33 │  0 │  0 │  0 │  0 │  0 │  0 │  0 │  0 │  0 │  0 │  0 │  0 │  0 │  0 
 files     │     │     │    │    │    │    │    │    │    │    │    │    │    │    │    │    
 Static    │  24 │  24 │ 24 │ 24 │ 24 │ 24 │ 24 │ 24 │ 24 │ 24 │ 24 │ 24 │ 24 │ 24 │ 24 │ 24 
 files     │     │     │    │    │    │    │    │    │    │    │    │    │    │    │    │    
 Processed │   0 │   0 │  0 │  0 │  0 │  0 │  0 │  0 │  0 │  0 │  0 │  0 │  0 │  0 │  0 │  0 
 images    │     │     │    │    │    │    │    │    │    │    │    │    │    │    │    │    
 Aliases   │   2 │   1 │  0 │  0 │  0 │  0 │  0 │  0 │  0 │  0 │  0 │  0 │  0 │  0 │  0 │  0 
 Cleaned   │   0 │   0 │  0 │  0 │  0 │  0 │  0 │  0 │  0 │  0 │  0 │  0 │  0 │  0 │  0 │  0 

Total in 161 ms
